// Jest Snapshot v1, https://goo.gl/fbAQLP

exports[`AwsFileUploadStack should match the CloudFormation snapshot 1`] = `{}`;
