// Jest Snapshot v1, https://goo.gl/fbAQLP

exports[`Infrastructure Snapshot Test should match the CloudFormation snapshot 1`] = `
{
  "Resources": {
    "ErrorTableA27F7F12": {
      "DeletionPolicy": "Retain",
      "Properties": {
        "AttributeDefinitions": [
          {
            "AttributeName": "id",
            "AttributeType": "S",
          },
        ],
        "KeySchema": [
          {
            "AttributeName": "id",
            "KeyType": "HASH",
          },
        ],
        "ProvisionedThroughput": {
          "ReadCapacityUnits": 5,
          "WriteCapacityUnits": 5,
        },
      },
      "Type": "AWS::DynamoDB::Table",
      "UpdateReplacePolicy": "Retain",
    },
    "ErrorTopicA0904A23": {
      "Type": "AWS::SNS::Topic",
    },
  },
}
`;
